// Jest Snapshot v1, https://goo.gl/fbAQLP

exports[`render <CheckboxGroup> component 1`] = `
<styled.div>
  <withStateHandlers(Checkbox)
    checked={true}
    direction="row"
    key="ada"
    onChange={[Function]}
    span={30}
    theme="light"
    value="ada"
  >
    ADA
  </withStateHandlers(Checkbox)>
  <withStateHandlers(Checkbox)
    checked={true}
    direction="row"
    key="neo"
    onChange={[Function]}
    span={30}
    theme="light"
    value="neo"
  >
    NEO
  </withStateHandlers(Checkbox)>
  <withStateHandlers(Checkbox)
    checked={true}
    direction="row"
    key="eos"
    onChange={[Function]}
    span={30}
    theme="light"
    value="eos"
  >
    EOS
  </withStateHandlers(Checkbox)>
</styled.div>
`;
