// Jest Snapshot v1, https://goo.gl/fbAQLP

exports[`render <CheckboxGroup> component 1`] = `
<CheckboxGroup
  direction="column"
  span={30}
>
  <styled.div>
    <div
      className="sc-ifAKCX iTKavF"
    >
      <Checkbox
        checked={false}
        disabled={false}
        id="ethos"
        name="ethos"
        theme="light"
        value="ethos"
      >
        <styled.label
          disabled={false}
          htmlFor="ethos"
          theme="light"
        >
          <label
            className="sc-bdVaJa kzWkTC"
            disabled={false}
            htmlFor="ethos"
          >
            <styled.img
              alt="btn_checkbox"
              checked={false}
              disabled={false}
              src="btn_checkbox.svg"
              theme="light"
            >
              <img
                alt="btn_checkbox"
                checked={false}
                className="sc-bwzfXH hFFjjY"
                disabled={false}
                src="btn_checkbox.svg"
              />
            </styled.img>
            <styled.span>
              <span
                className="sc-htpNat cOIBOz"
              >
                ETHOS
              </span>
            </styled.span>
          </label>
        </styled.label>
        <styled.input
          checked={false}
          disabled={false}
          id="ethos"
          name="ethos"
          onChange={[Function]}
          onClick={[Function]}
          value="ethos"
        >
          <input
            checked={false}
            className="sc-bxivhb cRvGhf"
            disabled={false}
            id="ethos"
            name="ethos"
            onChange={[Function]}
            onClick={[Function]}
            type="checkbox"
            value="ethos"
          />
        </styled.input>
      </Checkbox>
      <Checkbox
        checked={false}
        disabled={false}
        id="cvc"
        name="cvc"
        theme="light"
        value="cvc"
      >
        <styled.label
          disabled={false}
          htmlFor="cvc"
          theme="light"
        >
          <label
            className="sc-bdVaJa kzWkTC"
            disabled={false}
            htmlFor="cvc"
          >
            <styled.img
              alt="btn_checkbox"
              checked={false}
              disabled={false}
              src="btn_checkbox.svg"
              theme="light"
            >
              <img
                alt="btn_checkbox"
                checked={false}
                className="sc-bwzfXH hFFjjY"
                disabled={false}
                src="btn_checkbox.svg"
              />
            </styled.img>
            <styled.span>
              <span
                className="sc-htpNat cOIBOz"
              >
                CVC
              </span>
            </styled.span>
          </label>
        </styled.label>
        <styled.input
          checked={false}
          disabled={false}
          id="cvc"
          name="cvc"
          onChange={[Function]}
          onClick={[Function]}
          value="cvc"
        >
          <input
            checked={false}
            className="sc-bxivhb cRvGhf"
            disabled={false}
            id="cvc"
            name="cvc"
            onChange={[Function]}
            onClick={[Function]}
            type="checkbox"
            value="cvc"
          />
        </styled.input>
      </Checkbox>
      <Checkbox
        checked={false}
        disabled={false}
        id="ink"
        name="ink"
        theme="light"
        value="ink"
      >
        <styled.label
          disabled={false}
          htmlFor="ink"
          theme="light"
        >
          <label
            className="sc-bdVaJa kzWkTC"
            disabled={false}
            htmlFor="ink"
          >
            <styled.img
              alt="btn_checkbox"
              checked={false}
              disabled={false}
              src="btn_checkbox.svg"
              theme="light"
            >
              <img
                alt="btn_checkbox"
                checked={false}
                className="sc-bwzfXH hFFjjY"
                disabled={false}
                src="btn_checkbox.svg"
              />
            </styled.img>
            <styled.span>
              <span
                className="sc-htpNat cOIBOz"
              >
                INK
              </span>
            </styled.span>
          </label>
        </styled.label>
        <styled.input
          checked={false}
          disabled={false}
          id="ink"
          name="ink"
          onChange={[Function]}
          onClick={[Function]}
          value="ink"
        >
          <input
            checked={false}
            className="sc-bxivhb cRvGhf"
            disabled={false}
            id="ink"
            name="ink"
            onChange={[Function]}
            onClick={[Function]}
            type="checkbox"
            value="ink"
          />
        </styled.input>
      </Checkbox>
    </div>
  </styled.div>
</CheckboxGroup>
`;
